******************************************************************************
                  TI ARM Linker PC v20.2.7                     
******************************************************************************
>> Linked Thu Dec  7 02:45:43 2023

OUTPUT FILE NAME:   <rfEchoRx_CC1350_LAUNCHXL_nortos_ccs.out>
ENTRY POINT SYMBOL: "resetISR"  address: 00005c49


MEMORY CONFIGURATION

         name            origin    length      used     unused   attr    fill
----------------------  --------  ---------  --------  --------  ----  --------
  FLASH                 00000000   00020000  00006d2e  000192d2  R  X
  SRAM                  20000000   00005000  00001172  00003e8e  RW X


SEGMENT ALLOCATION MAP

run origin  load origin   length   init length attrs members
----------  ----------- ---------- ----------- ----- -------
00000000    00000000    00006bb0   00006bb0    r-x
  00000000    00000000    000000c8   000000c8    r-- .intvecs
  000000c8    000000c8    00005e46   00005e46    r-x .text
  00005f10    00005f10    00000ca0   00000ca0    r-- .const
00006bb0    00006bb0    00000008   00000008    rw-
  00006bb0    00006bb0    00000008   00000008    rw- .args
00006bb8    00006bb8    00000120   00000120    r--
  00006bb8    00006bb8    00000120   00000120    r-- .cinit
0001ffa8    0001ffa8    00000058   00000058    r--
  0001ffa8    0001ffa8    00000058   00000058    r-- .ccfg
20000000    20000000    00000cb0   00000000    rw-
  20000000    20000000    000006c4   00000000    rw- .bss
  200006c8    200006c8    000004e6   00000000    rw- .data
  20000bb0    20000bb0    00000100   00000000    rw- .sysmem
20000d00    20000d00    000000c8   00000000    rw-
  20000d00    20000d00    000000c8   00000000    rw- .vtable_ram
20004c00    20004c00    00000400   00000000    rw-
  20004c00    20004c00    00000400   00000000    rw- .stack


SECTION ALLOCATION MAP

 output                                  attributes/
section   page    origin      length       input sections
--------  ----  ----------  ----------   ----------------
.intvecs   0    00000000    000000c8     
                  00000000    000000c8     nortos_cc13x0.aem3 : startup_cc13xx_cc26xx_ccs.oem3 (.intvecs)

.text      0    000000c8    00005e46     
                  000000c8    0000048c     rf_multiMode_cc13x0.aem3 : RFCC26XX_multiMode.oem3 (.text:RF_fsmActiveState)
                  00000554    0000030c     drivers_cc13x0.aem3 : PowerCC26XX_calibrateRCOSC.oem3 (.text:PowerCC26XX_auxISR)
                  00000860    00000238     driverlib.lib : sys_ctrl.obj (.text:NOROM_SysCtrlSetRechargeBeforePowerDown)
                  00000a98    00000224     drivers_cc13x0.aem3 : PowerCC26XX.oem3 (.text:Power_sleep)
                  00000cbc    000001d8     rf_multiMode_cc13x0.aem3 : RFCC26XX_multiMode.oem3 (.text:RF_open)
                  00000e94    000001b0     drivers_cc13x0.aem3 : PINCC26XX.oem3 (.text:PIN_init)
                  00001044    00000190                         : PowerCC26XX_calibrateRCOSC.oem3 (.text:PowerCC26XX_doCalibrate)
                  000011d4    00000164                         : UARTCC26XX.oem3 (.text:UARTCC26XX_open)
                  00001338    00000154     rf_multiMode_cc13x0.aem3 : RFCC26XX_multiMode.oem3 (.text:RF_fsmSetupState)
                  0000148c    00000148     drivers_cc13x0.aem3 : UARTCC26XX.oem3 (.text:UARTCC26XX_hwiIntFxn)
                  000015d4    00000136                         : UARTCC26XX.oem3 (.text:UARTCC26XX_read)
                  0000170a    00000002     driverlib.lib : interrupt.obj (.text:IntDefaultHandler)
                  0000170c    0000012c                   : setup_rom.obj (.text:NOROM_SetupAfterColdResetWakeupFromShutDownCfg3)
                  00001838    00000128     smartrf_settings.obj (.text:rf_patch_rfe_genfsk)
                  00001960    00000128     rf_rx.obj (.text:rf_receive_init)
                  00001a88    00000124     rf_multiMode_cc13x0.aem3 : RFCC26XX_multiMode.oem3 (.text:RF_dispatchNextCmd)
                  00001bac    00000118                              : RFCC26XX_multiMode.oem3 (.text:RF_radioOpDoneCb)
                  00001cc4    00000114     drivers_cc13x0.aem3 : PowerCC26XX.oem3 (.text:Power_init)
                  00001dd8    00000110                         : PINCC26XX.oem3 (.text:PINCC26XX_setIoCfg)
                  00001ee8    00000100     nortos_cc13x0.aem3 : PowerCC26XX_nortos.oem3 (.text:PowerCC26XX_standbyPolicy)
                  00001fe8    000000f0     driverlib.lib : setup_rom.obj (.text:NOROM_SetupAfterColdResetWakeupFromShutDownCfg2)
                  000020d8    000000e8     rf_multiMode_cc13x0.aem3 : RFCC26XX_multiMode.oem3 (.text:RF_fsmPowerUpState)
                  000021c0    000000e2     drivers_cc13x0.aem3 : UARTCC26XX.oem3 (.text:UARTCC26XX_write)
                  000022a2    00000002     rf_multiMode_cc13x0.aem3 : RFCC26XX_multiMode.oem3 (.text:RF_defaultCallback)
                  000022a4    000000e0     RFQueue.obj (.text:RFQueue_defineQueue)
                  00002384    000000e0     rf_rx.obj (.text:rf_receive_data)
                  00002464    000000d8     nortos_cc13x0.aem3 : SwiP_nortos.oem3 (.text:SwiP_construct)
                  0000253c    000000d4     driverlib.lib : rfc.obj (.text:NOROM_RFCRfTrimRead)
                  00002610    000000d4     rf_multiMode_cc13x0.aem3 : RFCC26XX_multiMode.oem3 (.text:RF_pendCmd)
                  000026e4    000000cc     driverlib.lib : rfc.obj (.text:NOROM_RFCRTrim)
                  000027b0    000000cc     rf_multiMode_cc13x0.aem3 : RFCC26XX_multiMode.oem3 (.text:RF_swiHw)
                  0000287c    000000c8     driverlib.lib : setup.obj (.text:TrimAfterColdResetWakeupFromShutDown)
                  00002944    000000c8     CC1350_LAUNCHXL_fxns.obj (.text:rfDriverCallback)
                  00002a0c    000000bc     drivers_cc13x0.aem3 : PowerCC26XX.oem3 (.text:Power_releaseDependency)
                  00002ac8    000000b8     rf_multiMode_cc13x0.aem3 : RFCC26XX_multiMode.oem3 (.text:RF_postCmd)
                  00002b80    000000b4     drivers_cc13x0.aem3 : PowerCC26XX.oem3 (.text:Power_setDependency)
                  00002c34    000000b4     rf_rx.obj (.text:echoCallback)
                  00002ce8    000000b0     rf_multiMode_cc13x0.aem3 : RFCC26XX_multiMode.oem3 (.text:RF_hwiCpe0Active)
                  00002d98    000000b0     nortos_cc13x0.aem3 : TimerPCC26XX_nortos.oem3 (.text:TimerP_construct)
                  00002e48    000000a8                        : ClockPTimer_nortos.oem3 (.text:ClockP_workFuncDynamic)
                  00002ef0    000000a8     driverlib.lib : setup.obj (.text:NOROM_SetupTrimDevice)
                  00002f98    000000a8     rf_multiMode_cc13x0.aem3 : RFCC26XX_multiMode.oem3 (.text:RF_ratRestartChannels)
                  00003040    000000a4     driverlib.lib : setup_rom.obj (.text:NOROM_SetupAfterColdResetWakeupFromShutDownCfg1)
                  000030e4    000000a4     drivers_cc13x0.aem3 : UARTCC26XX.oem3 (.text:UARTCC26XX_initHw)
                  00003188    000000a4                         : PowerCC26XX.oem3 (.text:switchXOSCHFclockFunc)
                  0000322c    000000a0                         : PINCC26XX.oem3 (.text:PIN_open)
                  000032cc    000000a0     nortos_cc13x0.aem3 : SwiP_nortos.oem3 (.text:SwiP_dispatch)
                  0000336c    0000009c                        : ClockPTimer_nortos.oem3 (.text:ClockP_startup)
                  00003408    0000009c     rf_multiMode_cc13x0.aem3 : RFCC26XX_multiMode.oem3 (.text:RF_calculateDispatchTime)
                  000034a4    0000009c     rtsv7M3_T_le_eabi.lib : memcpy_t2.asm.obj (.text)
                  00003540    00000098     nortos_cc13x0.aem3 : SemaphoreP_nortos.oem3 (.text:SemaphoreP_pend)
                  000035d8    00000098     drivers_cc13x0.aem3 : UARTCC26XX.oem3 (.text:UARTCC26XX_initIO)
                  00003670    00000098     smartrf_settings.obj (.text:configureGenfskPatch)
                  00003708    00000096     rtsv7M3_T_le_eabi.lib : ull_div_t2.asm.obj (.text)
                  0000379e    0000008e     drivers_cc13x0.aem3 : UARTCC26XX.oem3 (.text:UARTCC26XX_writeCancel)
                  0000382c    00000084     CC1350_LAUNCHXL_fxns.obj (.text:CC1350_LAUNCHXL_sendExtFlashByte)
                  000038b0    00000084     rf_multiMode_cc13x0.aem3 : RFCC26XX_multiMode.oem3 (.text:RF_issueRadioFreeCb)
                  00003934    00000084     drivers_cc13x0.aem3 : UARTCC26XX.oem3 (.text:UARTCC26XX_close)
                  000039b8    00000080     nortos_cc13x0.aem3 : ClockPTimer_nortos.oem3 (.text:ClockP_start)
                  00003a38    00000080     drivers_cc13x0.aem3 : UARTCC26XX.oem3 (.text:writeTxFifoFlush)
                  00003ab8    0000007c     rf_multiMode_cc13x0.aem3 : RFCC26XX_multiMode.oem3 (.text:RF_ratFreeChannel)
                  00003b34    0000007a     rtsv7M3_T_le_eabi.lib : memset_t2.asm.obj (.text)
                  00003bae    00000002     nortos_cc13x0.aem3 : SemaphoreP_nortos.oem3 (.text:SemaphoreP_destruct)
                  00003bb0    00000078                        : HwiPCC26XX_nortos.oem3 (.text:HwiP_construct)
                  00003c28    00000074                        : ClockPTimer_nortos.oem3 (.text:ClockP_walkQueueDynamic)
                  00003c9c    00000074     driverlib.lib : setup_rom.obj (.text:NOROM_SetupSetVddrLevel)
                  00003d10    00000070     rf_multiMode_cc13x0.aem3 : RFCC26XX_multiMode.oem3 (.text:RF_hwiHw)
                  00003d80    00000070     nortos_cc13x0.aem3 : TimerPCC26XX_nortos.oem3 (.text:TimerP_start)
                  00003df0    0000006c     drivers_cc13x0.aem3 : PowerCC26XX_calibrateRCOSC.oem3 (.text:PowerCC26XX_initiateCalibration)
                  00003e5c    0000006c     rf_multiMode_cc13x0.aem3 : RFCC26XX_multiMode.oem3 (.text:RF_initRadioSetup)
                  00003ec8    00000068     driverlib.lib : setup_rom.obj (.text:NOROM_SetupGetTrimForAmpcompCtrl)
                  00003f30    00000068                   : setup_rom.obj (.text:NOROM_SetupGetTrimForAnabypassValue1)
                  00003f98    00000068                   : sys_ctrl.obj (.text:NOROM_SysCtrlAdjustRechargeAfterPowerDown)
                  00004000    00000068                   : sys_ctrl.obj (.text:NOROM_SysCtrl_DCDC_VoltageConditionalControl)
                  00004068    00000068     nortos_cc13x0.aem3 : SwiP_nortos.oem3 (.text:SwiP_post)
                  000040d0    00000068     rtsv7M3_T_le_eabi.lib : copy_decompress_lzss.c.obj (.text:decompress:lzss:__TI_decompress_lzss)
                  00004138    00000068     drivers_cc13x0.aem3 : PowerCC26XX.oem3 (.text:lfClockReadyCallback)
                  000041a0    00000064     driverlib.lib : osc.obj (.text:NOROM_OSCHF_AttemptToSwitchToXosc)
                  00004204    00000064     rf_multiMode_cc13x0.aem3 : RFCC26XX_multiMode.oem3 (.text:RF_dispatchNextEvent)
                  00004268    00000064     drivers_cc13x0.aem3 : PowerCC26XX.oem3 (.text:configureXOSCHF)
                  000042cc    00000060     driverlib.lib : osc.obj (.text:NOROM_OSCClockSourceSet)
                  0000432c    00000060     drivers_cc13x0.aem3 : PowerCC26XX.oem3 (.text:PowerCC26XX_calibrate)
                  0000438c    00000060     rf_multiMode_cc13x0.aem3 : RFCC26XX_multiMode.oem3 (.text:RF_getCurrentTime)
                  000043ec    00000060     drivers_cc13x0.aem3 : UARTCC26XX.oem3 (.text:UARTCC26XX_control)
                  0000444c    0000005e                         : UARTCC26XX.oem3 (.text:UARTCC26XX_swiIntFxn)
                  000044aa    00000002     nortos_cc13x0.aem3 : SemaphoreP_nortos.oem3 (.text:clkFxn)
                  000044ac    0000005c     drivers_cc13x0.aem3 : PowerCC26XX_calibrateRCOSC.oem3 (.text:PowerCC26XX_RCOSC_clockFunc)
                  00004508    0000005c     rf_multiMode_cc13x0.aem3 : RFCC26XX_multiMode.oem3 (.text:RF_hwiCpe0PowerFsm)
                  00004564    0000005c                              : RFCC26XX_multiMode.oem3 (.text:RF_syncCb)
                  000045c0    00000058     drivers_cc13x0.aem3 : PINCC26XX.oem3 (.text:PIN_remove)
                  00004618    00000058     rf_multiMode_cc13x0.aem3 : RFCC26XX_multiMode.oem3 (.text:RF_cmdDispatchTime)
                  00004670    00000054                              : RFCC26XX_multiMode.oem3 (.text:RF_applyRfCorePatch)
                  000046c4    00000050     driverlib.lib : setup_rom.obj (.text:NOROM_SetupSetCacheModeAccordingToCcfgSetting)
                  00004714    00000050     rf_multiMode_cc13x0.aem3 : RFCC26XX_multiMode.oem3 (.text:RF_fsmXOSCState)
                  00004764    00000050                              : RFCC26XX_multiMode.oem3 (.text:RF_wakeupNotification)
                  000047b4    00000050     nortos_cc13x0.aem3 : SemaphoreP_nortos.oem3 (.text:SemaphoreP_construct)
                  00004804    00000050     drivers_cc13x0.aem3 : UARTCC26XX.oem3 (.text:startTxFifoEmptyClk)
                  00004854    0000004c     CC1350_LAUNCHXL_fxns.obj (.text:CC1350_LAUNCHXL_wakeUpExtFlash)
                  000048a0    0000004c     rf_uart.obj (.text:rf_uart_init)
                  000048ec    0000004a     drivers_cc13x0.aem3 : UARTCC26XX.oem3 (.text:UARTCC26XX_readCancel)
                  00004936    00000002                         : PowerCC26XX.oem3 (.text:emptyClockFunc)
                  00004938    00000048     nortos_cc13x0.aem3 : ClockPTimer_nortos.oem3 (.text:ClockP_construct)
                  00004980    00000048     drivers_cc13x0.aem3 : PINCC26XX.oem3 (.text:PIN_setOutputEnable)
                  000049c8    00000048                         : UARTCC26XX.oem3 (.text:writeFinishedDoCallback)
                  00004a10    00000044                         : RingBuf.oem3 (.text:RingBuf_put)
                  00004a54    00000044     nortos_cc13x0.aem3 : SwiP_nortos.oem3 (.text:SwiP_restore)
                  00004a98    00000044     rtsv7M3_T_le_eabi.lib : autoinit.c.obj (.text:__TI_auto_init_nobinit_nopinit:__TI_auto_init_nobinit_nopinit)
                  00004adc    00000040     CC1350_LAUNCHXL_fxns.obj (.text:CC1350_LAUNCHXL_shutDownExtFlash)
                  00004b1c    00000040     driverlib.lib : chipinfo.obj (.text:NOROM_ChipInfo_GetHwRevision)
                  00004b5c    00000040     drivers_cc13x0.aem3 : PINCC26XX.oem3 (.text:PIN_swi)
                  00004b9c    00000040                         : UART.oem3 (.text:UART_init)
                  00004bdc    00000040                         : UART.oem3 (.text:UART_open)
                  00004c1c    0000003e                         : RingBuf.oem3 (.text:RingBuf_get)
                  00004c5a    00000002     smartrf_settings.obj (.text:enterGenfskSysPatch)
                  00004c5c    0000003c     driverlib.lib : osc.obj (.text:NOROM_OSC_HPOSCRelativeFrequencyOffsetGet)
                  00004c98    0000003c                   : rfc.obj (.text:NOROM_RFCSynthPowerDown)
                  00004cd4    0000003c     drivers_cc13x0.aem3 : PowerCC26XX.oem3 (.text:PowerCC26XX_isStableXOSC_HF)
                  00004d10    0000003c     rf_multiMode_cc13x0.aem3 : RFCC26XX_multiMode.oem3 (.text:RF_cmdGet)
                  00004d4c    0000003c                              : RFCC26XX_multiMode.oem3 (.text:RF_cmdStoreEvents)
                  00004d88    0000003c     nortos_cc13x0.aem3 : SemaphoreP_nortos.oem3 (.text:SemaphoreP_post)
                  00004dc4    0000003c     drivers_cc13x0.aem3 : PowerCC26XX.oem3 (.text:disableLfClkQualifiersEnableClkLoss)
                  00004e00    00000038                         : PINCC26XX.oem3 (.text:PIN_setConfig)
                  00004e38    00000038                         : PINCC26XX.oem3 (.text:PIN_setOutputValue)
                  00004e70    00000038     rf_multiMode_cc13x0.aem3 : RFCC26XX_multiMode.oem3 (.text:RF_checkCmdFsError)
                  00004ea8    00000038                              : RFCC26XX_multiMode.oem3 (.text:RF_powerConstraintRelease)
                  00004ee0    00000038     drivers_cc13x0.aem3 : UARTCC26XX.oem3 (.text:readData)
                  00004f18    00000038                         : UARTCC26XX.oem3 (.text:writeData)
                  00004f50    00000036     nortos_cc13x0.aem3 : TimerPCC26XX_nortos.oem3 (.text:TimerP_setNextTick)
                  00004f86    00000002                        : startup_cc13xx_cc26xx_ccs.oem3 (.text:faultISR)
                  00004f88    00000034                        : ClockPTimer_nortos.oem3 (.text:ClockP_getTicksUntilInterrupt)
                  00004fbc    00000034     driverlib.lib : interrupt.obj (.text:NOROM_IntRegister)
                  00004ff0    00000034                   : osc.obj (.text:NOROM_OSCHF_SwitchToRcOscTurnOffXosc)
                  00005024    00000034     drivers_cc13x0.aem3 : PowerCC26XX.oem3 (.text:Power_releaseConstraint)
                  00005058    00000034     nortos_cc13x0.aem3 : SwiP_nortos.oem3 (.text:SwiP_destruct)
                  0000508c    00000034                        : TimerPCC26XX_nortos.oem3 (.text:TimerP_initDevice)
                  000050c0    00000034     drivers_cc13x0.aem3 : PowerCC26XX.oem3 (.text:notify)
                  000050f4    00000030     driverlib.lib : chipinfo.obj (.text:NOROM_ChipInfo_GetChipType)
                  00005124    00000030                   : setup_rom.obj (.text:NOROM_SetupGetTrimForRadcExtCfg)
                  00005154    00000030                   : setup_rom.obj (.text:NOROM_SetupSetAonRtcSubSecInc)
                  00005184    00000030     drivers_cc13x0.aem3 : PINCC26XX.oem3 (.text:PINCC26XX_setMux)
                  000051b4    00000030                         : PowerCC26XX.oem3 (.text:Power_setConstraint)
                  000051e4    00000030     nortos_cc13x0.aem3 : TimerPCC26XX_nortos.oem3 (.text:TimerP_getCurrentTick)
                  00005214    00000030                        : TimerPCC26XX_nortos.oem3 (.text:TimerP_setThreshold)
                  00005244    00000030     drivers_cc13x0.aem3 : UARTCC26XX.oem3 (.text:readData2RingBuf)
                  00005274    0000002c     nortos_cc13x0.aem3 : HwiPCC26XX_nortos.oem3 (.text:HwiP_dispatch)
                  000052a0    0000002c     driverlib.lib : ddi.obj (.text:NOROM_DDI32RegWrite)
                  000052cc    0000002c                   : osc.obj (.text:NOROM_OSCClockSourceGet)
                  000052f8    0000002c                   : rfc.obj (.text:NOROM_RFCCpePatchReset)
                  00005324    0000002c     rf_multiMode_cc13x0.aem3 : RFCC26XX_multiMode.oem3 (.text:RF_calculateDeltaTimeUs)
                  00005350    0000002c                              : RFCC26XX_multiMode.oem3 (.text:RF_executeDirectImmediateCmd)
                  0000537c    0000002c     rf_uart.obj (.text:rf_uart_transmit)
                  000053a8    00000028     driverlib.lib : aon_batmon.obj (.text:NOROM_AONBatMonTemperatureGetDegC)
                  000053d0    00000028                   : rfc.obj (.text:NOROM_RFCDoorbellSendTo)
                  000053f8    00000028                   : rfc.obj (.text:NOROM_RFCOverrideSearch)
                  00005420    00000028     drivers_cc13x0.aem3 : PowerCC26XX.oem3 (.text:Power_registerNotify)
                  00005448    00000028     rf_multiMode_cc13x0.aem3 : RFCC26XX_multiMode.oem3 (.text:RF_runCmd)
                  00005470    00000028     driverlib.lib : adi.obj (.text:SafeHapiVoid)
                  00005498    00000024     nortos_cc13x0.aem3 : ClockPTimer_nortos.oem3 (.text:ClockP_getTicks)
                  000054bc    00000024                        : ClockPTimer_nortos.oem3 (.text:ClockP_scheduleNextTick)
                  000054e0    00000024     drivers_cc13x0.aem3 : List.oem3 (.text:List_remove)
                  00005504    00000024                         : PINCC26XX.oem3 (.text:PINCC26XX_setIoCfgMux)
                  00005528    00000024     CC1350_LAUNCHXL_fxns.obj (.text:PINCC26XX_setOutputValue)
                  0000554c    00000024     rf_multiMode_cc13x0.aem3 : RFCC26XX_multiMode.oem3 (.text:RF_cmdAlloc)
                  00005570    00000024                              : RFCC26XX_multiMode.oem3 (.text:RF_invokeGlobalCallback)
                  00005594    00000024                              : RFCC26XX_multiMode.oem3 (.text:RF_isStateTransitionAllowed)
                  000055b8    00000024     nortos_cc13x0.aem3 : TimerPCC26XX_nortos.oem3 (.text:TimerP_getMaxTicks)
                  000055dc    00000024     rtsv7M3_T_le_eabi.lib : boot_cortex_m.c.obj (.text:_c_int00:_c_int00)
                  00005600    00000024     main_nortos.obj (.text:main)
                  00005624    00000022     drivers_cc13x0.aem3 : List.oem3 (.text:List_get)
                  00005646    00000022                         : List.oem3 (.text:List_put)
                  00005668    00000020     nortos_cc13x0.aem3 : ClockPTimer_nortos.oem3 (.text:ClockP_add)
                  00005688    00000020     driverlib.lib : rfc.obj (.text:NOROM_RFCAdi3VcoLdoVoltageMode)
                  000056a8    00000020                   : setup_rom.obj (.text:NOROM_SetupGetTrimForXoscHfCtl)
                  000056c8    00000020     drivers_cc13x0.aem3 : PowerCC26XX.oem3 (.text:Power_unregisterNotify)
                  000056e8    00000020     RFQueue.obj (.text:RFQueue_nextEntry)
                  00005708    00000020     rf_multiMode_cc13x0.aem3 : RFCC26XX_multiMode.oem3 (.text:RF_clkPowerUp)
                  00005728    00000020                              : RFCC26XX_multiMode.oem3 (.text:RF_hwiCpe0ChangePhy)
                  00005748    00000020                              : RFCC26XX_multiMode.oem3 (.text:RF_ratIsRunning)
                  00005768    00000020     drivers_cc13x0.aem3 : UARTCC26XX.oem3 (.text:threadSafeStdbyDisRelease)
                  00005788    00000020                         : UARTCC26XX.oem3 (.text:threadSafeStdbyDisSet)
                  000057a8    0000001e                         : PINCC26XX.oem3 (.text:PIN_close)
                  000057c6    0000001e                         : PowerCC26XX.oem3 (.text:Power_getTransitionLatency)
                  000057e4    0000001e     nortos_cc13x0.aem3 : SemaphoreP_nortos.oem3 (.text:SemaphoreP_constructBinary)
                  00005802    00000002                        : startup_cc13xx_cc26xx_ccs.oem3 (.text:intDefaultHandler)
                  00005804    0000001c     CC1350_LAUNCHXL.obj (.text:CC1350_LAUNCHXL_initGeneral)
                  00005820    0000001c     nortos_cc13x0.aem3 : HwiPCC26XX_nortos.oem3 (.text:HwiP_destruct)
                  0000583c    0000001c     driverlib.lib : chipinfo.obj (.text:NOROM_ChipInfo_GetChipFamily)
                  00005858    0000001c                   : setup_rom.obj (.text:NOROM_SetupGetTrimForAmpcompTh2)
                  00005874    0000001c                   : setup_rom.obj (.text:NOROM_SetupGetTrimForRcOscLfRtuneCtuneTrim)
                  00005890    0000001c     drivers_cc13x0.aem3 : PINCC26XX.oem3 (.text:PIN_hwi)
                  000058ac    0000001c     nortos_cc13x0.aem3 : QueueP_nortos.oem3 (.text:QueueP_put)
                  000058c8    0000001c     rf_multiMode_cc13x0.aem3 : RFCC26XX_multiMode.oem3 (.text:RF_clkInactivityCallback)
                  000058e4    0000001c                              : RFCC26XX_multiMode.oem3 (.text:RF_powerConstraintSet)
                  00005900    0000001c     nortos_cc13x0.aem3 : SwiP_nortos.oem3 (.text:SwiP_disable)
                  0000591c    0000001c                        : SwiP_nortos.oem3 (.text:SwiP_or)
                  00005938    0000001c                        : TimerPCC26XX_nortos.oem3 (.text:TimerP_dynamicStub)
                  00005954    0000001c     smartrf_settings.obj (.text:enterGenfskCpePatch)
                  00005970    0000001a     nortos_cc13x0.aem3 : QueueP_nortos.oem3 (.text:QueueP_get)
                  0000598a    00000018                        : ClockPTimer_nortos.oem3 (.text:ClockP_destruct)
                  000059a2    00000018                        : ClockPTimer_nortos.oem3 (.text:ClockP_getTimeout)
                  000059ba    00000002                        : startup_cc13xx_cc26xx_ccs.oem3 (.text:nmiISR)
                  000059bc    00000018                        : HwiPCC26XX_nortos.oem3 (.text:HwiP_inISR)
                  000059d4    00000018     driverlib.lib : aon_rtc.obj (.text:NOROM_AONRTCCurrentCompareValueGet)
                  000059ec    00000018                   : chipinfo.obj (.text:NOROM_ChipInfo_GetPackageType)
                  00005a04    00000018                   : osc.obj (.text:NOROM_OSCHF_TurnOnXosc)
                  00005a1c    00000018                   : rfc.obj (.text:NOROM_RFCCpeIntGetAndClear)
                  00005a34    00000018                   : setup_rom.obj (.text:NOROM_SetupGetTrimForAdcShModeEn)
                  00005a4c    00000018                   : setup_rom.obj (.text:NOROM_SetupGetTrimForAdcShVbufEn)
                  00005a64    00000018                   : setup_rom.obj (.text:NOROM_SetupGetTrimForAmpcompTh1)
                  00005a7c    00000018                   : setup_rom.obj (.text:NOROM_SetupGetTrimForDblrLoopFilterResetVoltage)
                  00005a94    00000018                   : setup_rom.obj (.text:NOROM_SetupGetTrimForRcOscLfIBiasTrim)
                  00005aac    00000018                   : setup_rom.obj (.text:NOROM_SetupGetTrimForXoscLfRegulatorAndCmirrwrRatio)
                  00005ac4    00000018     drivers_cc13x0.aem3 : PowerCC26XX.oem3 (.text:Power_idleFunc)
                  00005adc    00000018     rf_multiMode_cc13x0.aem3 : RFCC26XX_multiMode.oem3 (.text:RF_swiFsm)
                  00005af4    00000018     drivers_cc13x0.aem3 : UART.oem3 (.text:UART_Params_init)
                  00005b0c    00000018     rtsv7M3_T_le_eabi.lib : args_main.c.obj (.text:_args_main)
                  00005b24    00000018                           : ll_mul_t2.asm.obj (.text)
                  00005b3c    00000016     nortos_cc13x0.aem3 : HwiPCC26XX_nortos.oem3 (.text:HwiP_setFunc)
                  00005b52    00000016     driverlib.lib : chipinfo.obj (.text:NOROM_ThisLibraryIsFor_CC13x0_HwRev20AndLater_HaltIfViolated)
                  00005b68    00000016     rf_multiMode_cc13x0.aem3 : RFCC26XX_multiMode.oem3 (.text:RF_restartClockTimeout)
                  00005b7e    00000014     drivers_cc13x0.aem3 : List.oem3 (.text:List_clearList)
                  00005b92    00000002     rtsv7M3_T_le_eabi.lib : div0.asm.obj (.text)
                  00005b94    00000014     driverlib.lib : aon_rtc.obj (.text:NOROM_AONRTCCurrent64BitValueGet)
                  00005ba8    00000014                   : interrupt.obj (.text:NOROM_IntUnregister)
                  00005bbc    00000014     drivers_cc13x0.aem3 : PowerCC26XX.oem3 (.text:Power_disablePolicy)
                  00005bd0    00000014     rf_multiMode_cc13x0.aem3 : RFCC26XX_multiMode.oem3 (.text:RF_Params_init)
                  00005be4    00000014                              : RFCC26XX_multiMode.oem3 (.text:RF_dbellSyncOnAck)
                  00005bf8    00000014                              : RFCC26XX_multiMode.oem3 (.text:RF_ratGetChannel)
                  00005c0c    00000014     nortos_cc13x0.aem3 : SwiP_nortos.oem3 (.text:SwiP_handleHwi)
                  00005c20    00000014                        : TimerPCC26XX_nortos.oem3 (.text:TimerP_startup)
                  00005c34    00000014     drivers_cc13x0.aem3 : PowerCC26XX.oem3 (.text:configureRFCoreClocks)
                  00005c48    00000014     nortos_cc13x0.aem3 : startup_cc13xx_cc26xx_ccs.oem3 (.text:resetISR)
                  00005c5c    00000012                        : HwiPCC26XX_nortos.oem3 (.text:HwiP_Params_init)
                  00005c6e    00000012     drivers_cc13x0.aem3 : RingBuf.oem3 (.text:RingBuf_construct)
                  00005c80    00000010     nortos_cc13x0.aem3 : ClockPTimer_nortos.oem3 (.text:ClockP_Params_init)
                  00005c90    00000010                        : ClockPTimer_nortos.oem3 (.text:ClockP_getCpuFreq)
                  00005ca0    00000010                        : HwiPCC26XX_nortos.oem3 (.text:HwiP_disable)
                  00005cb0    00000010                        : HwiPCC26XX_nortos.oem3 (.text:HwiP_enableInterrupt)
                  00005cc0    00000010                        : HwiPCC26XX_nortos.oem3 (.text:HwiP_post)
                  00005cd0    00000010     driverlib.lib : rfc.obj (.text:NOROM_RFCHwIntGetAndClear)
                  00005ce0    00000010                   : rfc.obj (.text:NOROM_RFCRfTrimSet)
                  00005cf0    00000010                   : setup_rom.obj (.text:NOROM_SetupGetTrimForXoscHfFastStart)
                  00005d00    00000010                   : setup_rom.obj (.text:NOROM_SetupGetTrimForXoscHfIbiastherm)
                  00005d10    00000010     drivers_cc13x0.aem3 : PINCC26XX.oem3 (.text:PINCC26XX_getPinCount)
                  00005d20    00000010     nortos_cc13x0.aem3 : PowerCC26XX_nortos.oem3 (.text:PowerCC26XX_schedulerDisable)
                  00005d30    00000010     drivers_cc13x0.aem3 : PowerCC26XX.oem3 (.text:Power_enablePolicy)
                  00005d40    00000010     rf_multiMode_cc13x0.aem3 : RFCC26XX_multiMode.oem3 (.text:RF_dbellSubmitCmdAsync)
                  00005d50    00000010                              : RFCC26XX_multiMode.oem3 (.text:RF_isClientOwner)
                  00005d60    00000010     nortos_cc13x0.aem3 : SemaphoreP_nortos.oem3 (.text:SemaphoreP_Params_init)
                  00005d70    00000010                        : SwiP_nortos.oem3 (.text:SwiP_Params_init)
                  00005d80    00000010                        : TimerPCC26XX_nortos.oem3 (.text:TimerP_Params_init)
                  00005d90    00000010     smartrf_settings.obj (.text:applyGenfskPatch)
                  00005da0    00000010     drivers_cc13x0.aem3 : UARTCC26XX.oem3 (.text:uartPostNotify)
                  00005db0    0000000e     driverlib.lib : vims.obj (.text:NOROM_VIMSModeGet)
                  00005dbe    0000000e     nortos_cc13x0.aem3 : QueueP_nortos.oem3 (.text:QueueP_empty)
                  00005dcc    0000000e                        : QueueP_nortos.oem3 (.text:QueueP_remove)
                  00005dda    0000000e     rtsv7M3_T_le_eabi.lib : copy_decompress_none.c.obj (.text:decompress:none:__TI_decompress_none)
                  00005de8    0000000c     nortos_cc13x0.aem3 : ClockPTimer_nortos.oem3 (.text:ClockP_doTick)
                  00005df4    0000000c     driverlib.lib : cpu.obj (.text:NOROM_CPUcpsid)
                  00005e00    0000000c                   : cpu.obj (.text:NOROM_CPUcpsie)
                  00005e0c    0000000c                   : osc.obj (.text:NOROM_OSC_HPOSCRelativeFrequencyOffsetToRFCoreFormatConvert)
                  00005e18    0000000c     nortos_cc13x0.aem3 : PowerCC26XX_nortos.oem3 (.text:PowerCC26XX_schedulerRestore)
                  00005e24    0000000c     drivers_cc13x0.aem3 : PowerCC26XX.oem3 (.text:Power_getConstraintMask)
                  00005e30    0000000c                         : PowerCC26XX.oem3 (.text:Power_getDependencyCount)
                  00005e3c    0000000c     RFQueue.obj (.text:RFQueue_getDataEntry)
                  00005e48    0000000c     rf_multiMode_cc13x0.aem3 : RFCC26XX_multiMode.oem3 (.text:RF_powerConstraintGet)
                  00005e54    0000000c     nortos_cc13x0.aem3 : SwiP_nortos.oem3 (.text:SwiP_getTrigger)
                  00005e60    0000000c                        : TimerPCC26XX_nortos.oem3 (.text:TimerP_getFreq)
                  00005e6c    0000000c     rtsv7M3_T_le_eabi.lib : copy_zero_init.c.obj (.text:decompress:ZI:__TI_zero_init)
                  00005e78    0000000a     drivers_cc13x0.aem3 : UART.oem3 (.text:UART_write)
                  00005e82    00000008     CC1350_LAUNCHXL.obj (.text:Board_init)
                  00005e8a    00000008     CC1350_LAUNCHXL_fxns.obj (.text:Board_initHook)
                  00005e92    00000008     nortos_cc13x0.aem3 : HwiPCC26XX_nortos.oem3 (.text:HwiP_restore)
                  00005e9a    00000008     drivers_cc13x0.aem3 : UARTCC26XX.oem3 (.text:UARTCC26XX_init)
                  00005ea2    00000008                         : UARTCC26XX.oem3 (.text:readSemCallback)
                  00005eaa    00000008     smartrf_settings.obj (.text:rf_patch_cpe_genfsk)
                  00005eb2    00000008     drivers_cc13x0.aem3 : UARTCC26XX.oem3 (.text:writeSemCallback)
                  00005eba    00000006     nortos_cc13x0.aem3 : ClockPTimer_nortos.oem3 (.text:ClockP_stop)
                  00005ec0    00000006     driverlib.lib : cpu.obj (.text:NOROM_CPUdelay)
                  00005ec6    00000006     nortos_cc13x0.aem3 : QueueP_nortos.oem3 (.text:QueueP_init)
                  00005ecc    00000006     rf_multiMode_cc13x0.aem3 : RFCC26XX_multiMode.oem3 (.text:RF_clkReqAccess)
                  00005ed2    00000006     drivers_cc13x0.aem3 : UARTCC26XX.oem3 (.text:UARTCC26XX_readPolling)
                  00005ed8    00000006                         : UARTCC26XX.oem3 (.text:UARTCC26XX_writePolling)
                  00005ede    00000004     nortos_cc13x0.aem3 : PowerCC26XX_nortos.oem3 (.text:CPUwfi)
                  00005ee2    00000004                        : ClockPTimer_nortos.oem3 (.text:ClockP_isActive)
                  00005ee6    00000004                        : ClockPTimer_nortos.oem3 (.text:ClockP_setTimeout)
                  00005eea    00000004                        : HwiPCC26XX_nortos.oem3 (.text:HwiP_enable)
                  00005eee    00000004     driverlib.lib : rfc.obj (.text:NOROM_RFCOverrideUpdate)
                  00005ef2    00000004     drivers_cc13x0.aem3 : PowerCC26XX.oem3 (.text:PowerCC26XX_switchXOSC_HF)
                  00005ef6    00000004     nortos_cc13x0.aem3 : QueueP_nortos.oem3 (.text:QueueP_head)
                  00005efa    00000004                        : QueueP_nortos.oem3 (.text:QueueP_next)
                  00005efe    00000004                        : TimerPCC26XX_nortos.oem3 (.text:TimerP_getCount64)
                  00005f02    00000004     rtsv7M3_T_le_eabi.lib : pre_init.c.obj (.text:_system_pre_init)
                  00005f06    00000004                           : exit.c.obj (.text:abort:abort)
                  00005f0a    00000004     drivers_cc13x0.aem3 : PowerCC26XX.oem3 (.text:nopResourceHandler)

.const     0    00005f10    00000ca0     
                  00005f10    000006b4     smartrf_settings.obj (.const:patchGenfskRfe)
                  000065c4    00000408     smartrf_settings.obj (.const:patchImageGenfsk)
                  000069cc    0000004c     drivers_cc13x0.aem3 : PowerCC26XX.oem3 (.const:resourceDB)
                  00006a18    00000044                         : UARTCC26XX.oem3 (.const:$O1$$)
                  00006a5c    00000034     CC1350_LAUNCHXL.obj (.const:BoardGpioInitTable)
                  00006a90    00000028     drivers_cc13x0.aem3 : UARTCC26XX.oem3 (.const:UARTCC26XX_fxnTable)
                  00006ab8    00000028     CC1350_LAUNCHXL.obj (.const:uartCC26XXHWAttrs)
                  00006ae0    00000024     drivers_cc13x0.aem3 : UART.oem3 (.const:UART_defaultParams)
                  00006b04    0000001c     rf_multiMode_cc13x0.aem3 : RFCC26XX_multiMode.oem3 (.const:RF_defaultParams)
                  00006b20    00000018     CC1350_LAUNCHXL.obj (.const:PowerCC26XX_config)
                  00006b38    00000018     driverlib.lib : rfc.obj (.const:rfc_defaultIrqAddr)
                  00006b50    00000014     CC1350_LAUNCHXL_fxns.obj (.const:$P$T1$2)
                  00006b64    00000012     CC1350_LAUNCHXL.obj (.const)
                  00006b76    00000002     --HOLE-- [fill = 0]
                  00006b78    00000010     nortos_cc13x0.aem3 : SwiP_nortos.oem3 (.const:SwiP_defaultParams)
                  00006b88    0000000c     CC1350_LAUNCHXL.obj (.const:RFCC26XX_hwAttrs)
                  00006b94    0000000c     CC1350_LAUNCHXL.obj (.const:UART_config)
                  00006ba0    00000008     CC1350_LAUNCHXL_fxns.obj (.const:$P$T0$1)
                  00006ba8    00000008     CC1350_LAUNCHXL.obj (.const:PINCC26XX_hwAttrs)

.cinit     0    00006bb8    00000120     
                  00006bb8    000000e8     (.cinit..data.load) [load image, compression = lzss]
                  00006ca0    0000000c     (__TI_handler_table)
                  00006cac    00000004     --HOLE-- [fill = 0]
                  00006cb0    00000008     (.cinit..bss.load) [load image, compression = zero_init]
                  00006cb8    00000008     (.cinit..vtable_ram.load) [load image, compression = zero_init]
                  00006cc0    00000018     (__TI_cinit_table)

.init_array 
*          0    00000000    00000000     UNINITIALIZED

.ccfg      0    0001ffa8    00000058     
                  0001ffa8    00000058     ccfg.obj (.ccfg:retain)

.bss       0    20000000    000006c4     UNINITIALIZED
                  20000000    000003d8     rf_multiMode_cc13x0.aem3 : RFCC26XX_multiMode.oem3 (.bss:$O1$$)
                  200003d8    0000012c     (.common:uartCC26XXObjects)
                  20000504    00000004     nortos_cc13x0.aem3 : PowerCC26XX_nortos.oem3 (.bss)
                  20000508    000000a8     rf_rx.obj (.bss:rfObject)
                  200005b0    0000003c     nortos_cc13x0.aem3 : SwiP_nortos.oem3 (.bss:$O1$$)
                  200005ec    00000030     rf_rx.obj (.bss:rxDataEntryBuffer)
                  2000061c    00000020     (.common:uartCC26XXRingBuffer)
                  2000063c    00000014     rf_multiMode_cc13x0.aem3 : RFCC26XX_multiMode.oem3 (.bss:RF_ratSyncCmd)
                  20000650    00000014     driverlib.lib : osc.obj (.bss:oscHfGlobals)
                  20000664    00000010     rf_rx.obj (.bss)
                  20000674    0000000d     nortos_cc13x0.aem3 : SwiP_nortos.oem3 (.bss)
                  20000681    00000001     rf_multiMode_cc13x0.aem3 : RFCC26XX_multiMode.oem3 (.bss)
                  20000682    00000001     (.common:driverlib_release_0_3_05_20_00001)
                  20000683    00000001     --HOLE--
                  20000684    0000000c     rf_rx.obj (.bss:rxStatistics)
                  20000690    0000000c     (.common:ledPinState)
                  2000069c    0000000c     (.common:txPacket)
                  200006a8    00000008     rf_rx.obj (.bss:dataQueue)
                  200006b0    00000008     driverlib.lib : sys_ctrl.obj (.bss:powerQualGlobals)
                  200006b8    00000004     rf_uart.obj (.bss)
                  200006bc    00000004     (.common:ledPinHandle)
                  200006c0    00000004     (.common:readEntry)

.data      0    200006c8    000004e6     UNINITIALIZED
                  200006c8    00000114     drivers_cc13x0.aem3 : PINCC26XX.oem3 (.data:$O1$$)
                  200007dc    00000114                         : PowerCC26XX.oem3 (.data:PowerCC26XX_module)
                  200008f0    000000d0     nortos_cc13x0.aem3 : HwiPCC26XX_nortos.oem3 (.data:$O1$$)
                  200009c0    000000c0                        : ClockPTimer_nortos.oem3 (.data:$O1$$)
                  20000a80    00000054     smartrf_settings.obj (.data:pOverrides)
                  20000ad4    00000030     nortos_cc13x0.aem3 : TimerPCC26XX_nortos.oem3 (.data:$O1$$)
                  20000b04    00000028     smartrf_settings.obj (.data:RF_cmdPropRadioDivSetup)
                  20000b2c    00000024     smartrf_settings.obj (.data:RF_cmdPropRx)
                  20000b50    00000018     smartrf_settings.obj (.data:RF_cmdFs)
                  20000b68    00000018     smartrf_settings.obj (.data:RF_cmdPropTx)
                  20000b80    00000010     smartrf_settings.obj (.data:RF_prop)
                  20000b90    00000010     rf_rx.obj (.data:pinTable)
                  20000ba0    0000000c     nortos_cc13x0.aem3 : SemaphoreP_nortos.oem3 (.data:$O1$$)
                  20000bac    00000001     drivers_cc13x0.aem3 : UART.oem3 (.data)
                  20000bad    00000001     nortos_cc13x0.aem3 : SwiP_nortos.oem3 (.data)

.sysmem    0    20000bb0    00000100     UNINITIALIZED
                  20000bb0    00000010     rtsv7M3_T_le_eabi.lib : memory.c.obj (.sysmem)
                  20000bc0    000000f0     --HOLE--

.vtable_ram 
*          0    20000d00    000000c8     UNINITIALIZED
                  20000d00    000000c8     driverlib.lib : interrupt.obj (.vtable_ram)

.stack     0    20004c00    00000400     UNINITIALIZED
                  20004c00    00000004     rtsv7M3_T_le_eabi.lib : boot_cortex_m.c.obj (.stack)
                  20004c04    000003fc     --HOLE--

__llvm_prf_cnts 
*          0    20000000    00000000     UNINITIALIZED

.binit     0    00000000    00000000     

.args      0    00006bb0    00000008     
                  00006bb0    00000008     --HOLE-- [fill = 0]

MODULE SUMMARY

       Module                            code    ro data   rw data
       ------                            ----    -------   -------
    .\
       rf_rx.obj                         700     0         296    
       CC1350_LAUNCHXL_fxns.obj          516     28        0      
       CC1350_LAUNCHXL.obj               36      166       332    
       RFQueue.obj                       268     0         4      
       rf_uart.obj                       120     0         4      
       ccfg.obj                          0       88        0      
       main_nortos.obj                   36      0         0      
    +--+---------------------------------+-------+---------+---------+
       Total:                            1676    282       636    
                                                                  
    .\smartrf_settings\
       smartrf_settings.obj              502     2748      224    
    +--+---------------------------------+-------+---------+---------+
       Total:                            502     2748      224    
                                                                  
    C:/ti/simplelink_cc13x0_sdk_4_20_02_07/kernel/nortos/lib/nortos_cc13x0.aem3
       ClockPTimer_nortos.oem3           902     0         192    
       SwiP_nortos.oem3                  704     16        74     
       TimerPCC26XX_nortos.oem3          606     0         48     
       HwiPCC26XX_nortos.oem3            316     0         208    
       SemaphoreP_nortos.oem3            342     0         12     
       PowerCC26XX_nortos.oem3           288     0         4      
       startup_cc13xx_cc26xx_ccs.oem3    26      200       0      
       QueueP_nortos.oem3                96      0         0      
    +--+---------------------------------+-------+---------+---------+
       Total:                            3280    216       538    
                                                                  
    C:/ti/simplelink_cc13x0_sdk_4_20_02_07/source/ti/devices/cc13x0/driverlib/bin/ccs/driverlib.lib
       setup_rom.obj                     1468    0         0      
       sys_ctrl.obj                      776     0         8      
       rfc.obj                           692     24        0      
       osc.obj                           388     0         20     
       setup.obj                         368     0         0      
       interrupt.obj                     74      0         200    
       chipinfo.obj                      186     0         0      
       aon_rtc.obj                       44      0         0      
       ddi.obj                           44      0         0      
       adi.obj                           40      0         0      
       aon_batmon.obj                    40      0         0      
       cpu.obj                           30      0         0      
       vims.obj                          14      0         0      
       driverlib_release.obj             0       0         1      
    +--+---------------------------------+-------+---------+---------+
       Total:                            4164    24        229    
                                                                  
    C:/ti/simplelink_cc13x0_sdk_4_20_02_07/source/ti/drivers/lib/drivers_cc13x0.aem3
       UARTCC26XX.oem3                   2630    108       0      
       PowerCC26XX.oem3                  2144    76        276    
       PINCC26XX.oem3                    1358    0         276    
       PowerCC26XX_calibrateRCOSC.oem3   1380    0         0      
       UART.oem3                         162     36        1      
       RingBuf.oem3                      148     0         0      
       List.oem3                         124     0         0      
    +--+---------------------------------+-------+---------+---------+
       Total:                            7946    220       553    
                                                                  
    C:/ti/simplelink_cc13x0_sdk_4_20_02_07/source/ti/drivers/rf/lib/rf_multiMode_cc13x0.aem3
       RFCC26XX_multiMode.oem3           5846    28        1005   
    +--+---------------------------------+-------+---------+---------+
       Total:                            5846    28        1005   
                                                                  
    C:\ti\ccs1250\ccs\tools\compiler\ti-cgt-arm_20.2.7.LTS\lib\rtsv7M3_T_le_eabi.lib
       memcpy_t2.asm.obj                 156     0         0      
       ull_div_t2.asm.obj                150     0         0      
       memset_t2.asm.obj                 122     0         0      
       copy_decompress_lzss.c.obj        104     0         0      
       autoinit.c.obj                    68      0         0      
       boot_cortex_m.c.obj               36      0         0      
       args_main.c.obj                   24      0         0      
       ll_mul_t2.asm.obj                 24      0         0      
       copy_decompress_none.c.obj        14      0         0      
       copy_zero_init.c.obj              12      0         0      
       exit.c.obj                        4       0         0      
       pre_init.c.obj                    4       0         0      
       div0.asm.obj                      2       0         0      
    +--+---------------------------------+-------+---------+---------+
       Total:                            720     0         0      
                                                                  
       Heap:                             0       0         256    
       Stack:                            0       0         1024   
       Linker Generated:                 0       284       0      
    +--+---------------------------------+-------+---------+---------+
       Grand Total:                      24134   3802      4465   


LINKER GENERATED COPY TABLES

__TI_cinit_table @ 00006cc0 records: 3, size/record: 8, table size: 24
	.data: load addr=00006bb8, load size=000000e8 bytes, run addr=200006c8, run size=000004e6 bytes, compression=lzss
	.bss: load addr=00006cb0, load size=00000008 bytes, run addr=20000000, run size=000006c4 bytes, compression=zero_init
	.vtable_ram: load addr=00006cb8, load size=00000008 bytes, run addr=20000d00, run size=000000c8 bytes, compression=zero_init


LINKER GENERATED HANDLER TABLE

__TI_handler_table @ 00006ca0 records: 3, size/record: 4, table size: 12
	index: 0, handler: __TI_zero_init
	index: 1, handler: __TI_decompress_lzss
	index: 2, handler: __TI_decompress_none


GLOBAL SYMBOLS: SORTED ALPHABETICALLY BY Name 

address   name                                                        
-------   ----                                                        
00006b64  ADCBuf_count                                                
00006b65  ADC_count                                                   
00006b68  AESCBC_count                                                
00006b66  AESCCM_count                                                
00006b6b  AESCTRDRBG_count                                            
00006b69  AESCTR_count                                                
00006b6a  AESECB_count                                                
00006b67  AESGCM_count                                                
00006a5c  BoardGpioInitTable                                          
00005e83  Board_init                                                  
00005e8b  Board_initHook                                              
00005f07  C$$EXIT                                                     
00005805  CC1350_LAUNCHXL_initGeneral                                 
0000382d  CC1350_LAUNCHXL_sendExtFlashByte                            
00004add  CC1350_LAUNCHXL_shutDownExtFlash                            
00004855  CC1350_LAUNCHXL_wakeUpExtFlash                              
00005c81  ClockP_Params_init                                          
00005669  ClockP_add                                                  
00004939  ClockP_construct                                            
0000598b  ClockP_destruct                                             
00005de9  ClockP_doTick                                               
00005c91  ClockP_getCpuFreq                                           
00005499  ClockP_getTicks                                             
00004f89  ClockP_getTicksUntilInterrupt                               
000059a3  ClockP_getTimeout                                           
00005ee3  ClockP_isActive                                             
000054bd  ClockP_scheduleNextTick                                     
00005ee7  ClockP_setTimeout                                           
000039b9  ClockP_start                                                
0000336d  ClockP_startup                                              
00005ebb  ClockP_stop                                                 
200009c4  ClockP_tickPeriod                                           
00003c29  ClockP_walkQueueDynamic                                     
00002e49  ClockP_workFuncDynamic                                      
00006b6d  Display_count                                               
00005c5d  HwiP_Params_init                                            
00003bb1  HwiP_construct                                              
00005821  HwiP_destruct                                               
00005ca1  HwiP_disable                                                
00005eeb  HwiP_enable                                                 
00005cb1  HwiP_enableInterrupt                                        
000059bd  HwiP_inISR                                                  
00005cc1  HwiP_post                                                   
00005e93  HwiP_restore                                                
00005b3d  HwiP_setFunc                                                
200008f4  HwiP_swiPIntNum                                             
00006b6e  I2C_count                                                   
00006b6f  I2S_count                                                   
00005b7f  List_clearList                                              
00005625  List_get                                                    
00005647  List_put                                                    
000054e1  List_remove                                                 
000053a9  NOROM_AONBatMonTemperatureGetDegC                           
00005b95  NOROM_AONRTCCurrent64BitValueGet                            
000059d5  NOROM_AONRTCCurrentCompareValueGet                          
00005df5  NOROM_CPUcpsid                                              
00005e01  NOROM_CPUcpsie                                              
00005ec1  NOROM_CPUdelay                                              
0000583d  NOROM_ChipInfo_GetChipFamily                                
000050f5  NOROM_ChipInfo_GetChipType                                  
00004b1d  NOROM_ChipInfo_GetHwRevision                                
000059ed  NOROM_ChipInfo_GetPackageType                               
000052a1  NOROM_DDI32RegWrite                                         
00004fbd  NOROM_IntRegister                                           
00005ba9  NOROM_IntUnregister                                         
000052cd  NOROM_OSCClockSourceGet                                     
000042cd  NOROM_OSCClockSourceSet                                     
000041a1  NOROM_OSCHF_AttemptToSwitchToXosc                           
00004ff1  NOROM_OSCHF_SwitchToRcOscTurnOffXosc                        
00005a05  NOROM_OSCHF_TurnOnXosc                                      
00004c5d  NOROM_OSC_HPOSCRelativeFrequencyOffsetGet                   
00005e0d  NOROM_OSC_HPOSCRelativeFrequencyOffsetToRFCoreFormatConvert 
00005689  NOROM_RFCAdi3VcoLdoVoltageMode                              
00005a1d  NOROM_RFCCpeIntGetAndClear                                  
000052f9  NOROM_RFCCpePatchReset                                      
000053d1  NOROM_RFCDoorbellSendTo                                     
00005cd1  NOROM_RFCHwIntGetAndClear                                   
000053f9  NOROM_RFCOverrideSearch                                     
00005eef  NOROM_RFCOverrideUpdate                                     
000026e5  NOROM_RFCRTrim                                              
0000253d  NOROM_RFCRfTrimRead                                         
00005ce1  NOROM_RFCRfTrimSet                                          
00004c99  NOROM_RFCSynthPowerDown                                     
00003041  NOROM_SetupAfterColdResetWakeupFromShutDownCfg1             
00001fe9  NOROM_SetupAfterColdResetWakeupFromShutDownCfg2             
0000170d  NOROM_SetupAfterColdResetWakeupFromShutDownCfg3             
00005a35  NOROM_SetupGetTrimForAdcShModeEn                            
00005a4d  NOROM_SetupGetTrimForAdcShVbufEn                            
00003ec9  NOROM_SetupGetTrimForAmpcompCtrl                            
00005a65  NOROM_SetupGetTrimForAmpcompTh1                             
00005859  NOROM_SetupGetTrimForAmpcompTh2                             
00003f31  NOROM_SetupGetTrimForAnabypassValue1                        
00005a7d  NOROM_SetupGetTrimForDblrLoopFilterResetVoltage             
00005125  NOROM_SetupGetTrimForRadcExtCfg                             
00005a95  NOROM_SetupGetTrimForRcOscLfIBiasTrim                       
00005875  NOROM_SetupGetTrimForRcOscLfRtuneCtuneTrim                  
000056a9  NOROM_SetupGetTrimForXoscHfCtl                              
00005cf1  NOROM_SetupGetTrimForXoscHfFastStart                        
00005d01  NOROM_SetupGetTrimForXoscHfIbiastherm                       
00005aad  NOROM_SetupGetTrimForXoscLfRegulatorAndCmirrwrRatio         
00005155  NOROM_SetupSetAonRtcSubSecInc                               
000046c5  NOROM_SetupSetCacheModeAccordingToCcfgSetting               
00003c9d  NOROM_SetupSetVddrLevel                                     
00002ef1  NOROM_SetupTrimDevice                                       
00003f99  NOROM_SysCtrlAdjustRechargeAfterPowerDown                   
00000861  NOROM_SysCtrlSetRechargeBeforePowerDown                     
00004001  NOROM_SysCtrl_DCDC_VoltageConditionalControl                
00005b53  NOROM_ThisLibraryIsFor_CC13x0_HwRev20AndLater_HaltIfViolated
00005db1  NOROM_VIMSModeGet                                           
00006b70  NVS_count                                                   
00005eeb  NoRTOS_start                                                
00005d11  PINCC26XX_getPinCount                                       
00006ba8  PINCC26XX_hwAttrs                                           
00005185  PINCC26XX_setMux                                            
000057a9  PIN_close                                                   
00000e95  PIN_init                                                    
0000322d  PIN_open                                                    
000045c1  PIN_remove                                                  
00004e01  PIN_setConfig                                               
00004981  PIN_setOutputEnable                                         
00004e39  PIN_setOutputValue                                          
00006b71  PWM_count                                                   
000044ad  PowerCC26XX_RCOSC_clockFunc                                 
00000555  PowerCC26XX_auxISR                                          
0000432d  PowerCC26XX_calibrate                                       
00006b20  PowerCC26XX_config                                          
00001045  PowerCC26XX_doCalibrate                                     
00003df1  PowerCC26XX_initiateCalibration                             
00004cd5  PowerCC26XX_isStableXOSC_HF                                 
200007dc  PowerCC26XX_module                                          
00005d21  PowerCC26XX_schedulerDisable                                
00005e19  PowerCC26XX_schedulerRestore                                
00001ee9  PowerCC26XX_standbyPolicy                                   
00005ef3  PowerCC26XX_switchXOSC_HF                                   
00005bbd  Power_disablePolicy                                         
00005d31  Power_enablePolicy                                          
00005e25  Power_getConstraintMask                                     
00005e31  Power_getDependencyCount                                    
000057c7  Power_getTransitionLatency                                  
00005ac5  Power_idleFunc                                              
00001cc5  Power_init                                                  
00005421  Power_registerNotify                                        
00005025  Power_releaseConstraint                                     
00002a0d  Power_releaseDependency                                     
000051b5  Power_setConstraint                                         
00002b81  Power_setDependency                                         
00000a99  Power_sleep                                                 
000056c9  Power_unregisterNotify                                      
00005dbf  QueueP_empty                                                
00005971  QueueP_get                                                  
00005ef7  QueueP_head                                                 
00005ec7  QueueP_init                                                 
00005efb  QueueP_next                                                 
000058ad  QueueP_put                                                  
00005dcd  QueueP_remove                                               
00006b88  RFCC26XX_hwAttrs                                            
000022a5  RFQueue_defineQueue                                         
00005e3d  RFQueue_getDataEntry                                        
000056e9  RFQueue_nextEntry                                           
00005bd1  RF_Params_init                                              
20000b50  RF_cmdFs                                                    
20000b04  RF_cmdPropRadioDivSetup                                     
20000b2c  RF_cmdPropRx                                                
20000b68  RF_cmdPropTx                                                
0000438d  RF_getCurrentTime                                           
00000cbd  RF_open                                                     
00002611  RF_pendCmd                                                  
00002ac9  RF_postCmd                                                  
00005e49  RF_powerConstraintGet                                       
00004ea9  RF_powerConstraintRelease                                   
000058e5  RF_powerConstraintSet                                       
20000b80  RF_prop                                                     
00005449  RF_runCmd                                                   
00005c6f  RingBuf_construct                                           
00004c1d  RingBuf_get                                                 
00004a11  RingBuf_put                                                 
00006b72  SD_count                                                    
00006b73  SPI_count                                                   
00005471  SafeHapiVoid                                                
00005d61  SemaphoreP_Params_init                                      
000047b5  SemaphoreP_construct                                        
000057e5  SemaphoreP_constructBinary                                  
20000ba4  SemaphoreP_defaultParams                                    
00003baf  SemaphoreP_destruct                                         
00003541  SemaphoreP_pend                                             
00004d89  SemaphoreP_post                                             
00005d71  SwiP_Params_init                                            
00002465  SwiP_construct                                              
00005059  SwiP_destruct                                               
00005901  SwiP_disable                                                
000032cd  SwiP_dispatch                                               
00005e55  SwiP_getTrigger                                             
0000591d  SwiP_or                                                     
00004069  SwiP_post                                                   
00004a55  SwiP_restore                                                
00006b6c  TRNG_count                                                  
00005d81  TimerP_Params_init                                          
00002d99  TimerP_construct                                            
00005939  TimerP_dynamicStub                                          
00005eff  TimerP_getCount64                                           
000051e5  TimerP_getCurrentTick                                       
00005e61  TimerP_getFreq                                              
000055b9  TimerP_getMaxTicks                                          
0000508d  TimerP_initDevice                                           
00004f51  TimerP_setNextTick                                          
00005215  TimerP_setThreshold                                         
00003d81  TimerP_start                                                
00005c21  TimerP_startup                                              
00003935  UARTCC26XX_close                                            
000043ed  UARTCC26XX_control                                          
00006a90  UARTCC26XX_fxnTable                                         
0000148d  UARTCC26XX_hwiIntFxn                                        
00005e9b  UARTCC26XX_init                                             
000011d5  UARTCC26XX_open                                             
000015d5  UARTCC26XX_read                                             
000048ed  UARTCC26XX_readCancel                                       
00005ed3  UARTCC26XX_readPolling                                      
0000444d  UARTCC26XX_swiIntFxn                                        
000021c1  UARTCC26XX_write                                            
0000379f  UARTCC26XX_writeCancel                                      
00005ed9  UARTCC26XX_writePolling                                     
00005af5  UART_Params_init                                            
00006b94  UART_config                                                 
00006b74  UART_count                                                  
00006ae0  UART_defaultParams                                          
00004b9d  UART_init                                                   
00004bdd  UART_open                                                   
00005e79  UART_write                                                  
00006b75  Watchdog_count                                              
20005000  __STACK_END                                                 
00000400  __STACK_SIZE                                                
00000100  __SYSMEM_SIZE                                               
00006cc0  __TI_CINIT_Base                                             
00006cd8  __TI_CINIT_Limit                                            
00006ca0  __TI_Handler_Table_Base                                     
00006cac  __TI_Handler_Table_Limit                                    
00004a99  __TI_auto_init_nobinit_nopinit                              
000040d1  __TI_decompress_lzss                                        
00005ddb  __TI_decompress_none                                        
ffffffff  __TI_pprof_out_hndl                                         
ffffffff  __TI_prof_data_size                                         
ffffffff  __TI_prof_data_start                                        
00000000  __TI_static_base__                                          
00005e6d  __TI_zero_init                                              
00005b93  __aeabi_idiv0                                               
00005b93  __aeabi_ldiv0                                               
00005b25  __aeabi_lmul                                                
00003b35  __aeabi_memclr                                              
00003b35  __aeabi_memclr4                                             
00003b35  __aeabi_memclr8                                             
000034a5  __aeabi_memcpy                                              
000034a5  __aeabi_memcpy4                                             
000034a5  __aeabi_memcpy8                                             
00003b37  __aeabi_memset                                              
00003b37  __aeabi_memset4                                             
00003b37  __aeabi_memset8                                             
00003709  __aeabi_uldivmod                                            
ffffffff  __binit__                                                   
00006bb0  __c_args__                                                  
0001ffa8  __ccfg                                                      
UNDEFED   __mpu_init                                                  
20004c00  __stack                                                     
20000000  __start___llvm_prf_cnts                                     
20000000  __stop___llvm_prf_cnts                                      
00005b0d  _args_main                                                  
000055dd  _c_int00                                                    
20000bb0  _sys_memory                                                 
UNDEFED   _system_post_cinit                                          
00005f03  _system_pre_init                                            
00005f07  abort                                                       
ffffffff  binit                                                       
000044ab  clkFxn                                                      
20000682  driverlib_release_0_3_05_20_00001                           
20000d00  g_pfnRAMVectors                                             
00000000  g_pfnVectors                                                
200006bc  ledPinHandle                                                
20000690  ledPinState                                                 
00005601  main                                                        
000034a5  memcpy                                                      
00003b3d  memset                                                      
20000a80  pOverrides                                                  
20000760  pinHandleTable                                              
200006cc  pinLowerBound                                               
20000b90  pinTable                                                    
200006c8  pinUpperBound                                               
200006c0  readEntry                                                   
00005c49  resetISR                                                    
000069cc  resourceDB                                                  
00002945  rfDriverCallback                                            
00002385  rf_receive_data                                             
00001961  rf_receive_init                                             
000048a1  rf_uart_init                                                
0000537d  rf_uart_transmit                                            
2000069c  txPacket                                                    
00006ab8  uartCC26XXHWAttrs                                           
200003d8  uartCC26XXObjects                                           
2000061c  uartCC26XXRingBuffer                                        


GLOBAL SYMBOLS: SORTED BY Symbol Address 

address   name                                                        
-------   ----                                                        
00000000  __TI_static_base__                                          
00000000  g_pfnVectors                                                
00000100  __SYSMEM_SIZE                                               
00000400  __STACK_SIZE                                                
00000555  PowerCC26XX_auxISR                                          
00000861  NOROM_SysCtrlSetRechargeBeforePowerDown                     
00000a99  Power_sleep                                                 
00000cbd  RF_open                                                     
00000e95  PIN_init                                                    
00001045  PowerCC26XX_doCalibrate                                     
000011d5  UARTCC26XX_open                                             
0000148d  UARTCC26XX_hwiIntFxn                                        
000015d5  UARTCC26XX_read                                             
0000170d  NOROM_SetupAfterColdResetWakeupFromShutDownCfg3             
00001961  rf_receive_init                                             
00001cc5  Power_init                                                  
00001ee9  PowerCC26XX_standbyPolicy                                   
00001fe9  NOROM_SetupAfterColdResetWakeupFromShutDownCfg2             
000021c1  UARTCC26XX_write                                            
000022a5  RFQueue_defineQueue                                         
00002385  rf_receive_data                                             
00002465  SwiP_construct                                              
0000253d  NOROM_RFCRfTrimRead                                         
00002611  RF_pendCmd                                                  
000026e5  NOROM_RFCRTrim                                              
00002945  rfDriverCallback                                            
00002a0d  Power_releaseDependency                                     
00002ac9  RF_postCmd                                                  
00002b81  Power_setDependency                                         
00002d99  TimerP_construct                                            
00002e49  ClockP_workFuncDynamic                                      
00002ef1  NOROM_SetupTrimDevice                                       
00003041  NOROM_SetupAfterColdResetWakeupFromShutDownCfg1             
0000322d  PIN_open                                                    
000032cd  SwiP_dispatch                                               
0000336d  ClockP_startup                                              
000034a5  __aeabi_memcpy                                              
000034a5  __aeabi_memcpy4                                             
000034a5  __aeabi_memcpy8                                             
000034a5  memcpy                                                      
00003541  SemaphoreP_pend                                             
00003709  __aeabi_uldivmod                                            
0000379f  UARTCC26XX_writeCancel                                      
0000382d  CC1350_LAUNCHXL_sendExtFlashByte                            
00003935  UARTCC26XX_close                                            
000039b9  ClockP_start                                                
00003b35  __aeabi_memclr                                              
00003b35  __aeabi_memclr4                                             
00003b35  __aeabi_memclr8                                             
00003b37  __aeabi_memset                                              
00003b37  __aeabi_memset4                                             
00003b37  __aeabi_memset8                                             
00003b3d  memset                                                      
00003baf  SemaphoreP_destruct                                         
00003bb1  HwiP_construct                                              
00003c29  ClockP_walkQueueDynamic                                     
00003c9d  NOROM_SetupSetVddrLevel                                     
00003d81  TimerP_start                                                
00003df1  PowerCC26XX_initiateCalibration                             
00003ec9  NOROM_SetupGetTrimForAmpcompCtrl                            
00003f31  NOROM_SetupGetTrimForAnabypassValue1                        
00003f99  NOROM_SysCtrlAdjustRechargeAfterPowerDown                   
00004001  NOROM_SysCtrl_DCDC_VoltageConditionalControl                
00004069  SwiP_post                                                   
000040d1  __TI_decompress_lzss                                        
000041a1  NOROM_OSCHF_AttemptToSwitchToXosc                           
000042cd  NOROM_OSCClockSourceSet                                     
0000432d  PowerCC26XX_calibrate                                       
0000438d  RF_getCurrentTime                                           
000043ed  UARTCC26XX_control                                          
0000444d  UARTCC26XX_swiIntFxn                                        
000044ab  clkFxn                                                      
000044ad  PowerCC26XX_RCOSC_clockFunc                                 
000045c1  PIN_remove                                                  
000046c5  NOROM_SetupSetCacheModeAccordingToCcfgSetting               
000047b5  SemaphoreP_construct                                        
00004855  CC1350_LAUNCHXL_wakeUpExtFlash                              
000048a1  rf_uart_init                                                
000048ed  UARTCC26XX_readCancel                                       
00004939  ClockP_construct                                            
00004981  PIN_setOutputEnable                                         
00004a11  RingBuf_put                                                 
00004a55  SwiP_restore                                                
00004a99  __TI_auto_init_nobinit_nopinit                              
00004add  CC1350_LAUNCHXL_shutDownExtFlash                            
00004b1d  NOROM_ChipInfo_GetHwRevision                                
00004b9d  UART_init                                                   
00004bdd  UART_open                                                   
00004c1d  RingBuf_get                                                 
00004c5d  NOROM_OSC_HPOSCRelativeFrequencyOffsetGet                   
00004c99  NOROM_RFCSynthPowerDown                                     
00004cd5  PowerCC26XX_isStableXOSC_HF                                 
00004d89  SemaphoreP_post                                             
00004e01  PIN_setConfig                                               
00004e39  PIN_setOutputValue                                          
00004ea9  RF_powerConstraintRelease                                   
00004f51  TimerP_setNextTick                                          
00004f89  ClockP_getTicksUntilInterrupt                               
00004fbd  NOROM_IntRegister                                           
00004ff1  NOROM_OSCHF_SwitchToRcOscTurnOffXosc                        
00005025  Power_releaseConstraint                                     
00005059  SwiP_destruct                                               
0000508d  TimerP_initDevice                                           
000050f5  NOROM_ChipInfo_GetChipType                                  
00005125  NOROM_SetupGetTrimForRadcExtCfg                             
00005155  NOROM_SetupSetAonRtcSubSecInc                               
00005185  PINCC26XX_setMux                                            
000051b5  Power_setConstraint                                         
000051e5  TimerP_getCurrentTick                                       
00005215  TimerP_setThreshold                                         
000052a1  NOROM_DDI32RegWrite                                         
000052cd  NOROM_OSCClockSourceGet                                     
000052f9  NOROM_RFCCpePatchReset                                      
0000537d  rf_uart_transmit                                            
000053a9  NOROM_AONBatMonTemperatureGetDegC                           
000053d1  NOROM_RFCDoorbellSendTo                                     
000053f9  NOROM_RFCOverrideSearch                                     
00005421  Power_registerNotify                                        
00005449  RF_runCmd                                                   
00005471  SafeHapiVoid                                                
00005499  ClockP_getTicks                                             
000054bd  ClockP_scheduleNextTick                                     
000054e1  List_remove                                                 
000055b9  TimerP_getMaxTicks                                          
000055dd  _c_int00                                                    
00005601  main                                                        
00005625  List_get                                                    
00005647  List_put                                                    
00005669  ClockP_add                                                  
00005689  NOROM_RFCAdi3VcoLdoVoltageMode                              
000056a9  NOROM_SetupGetTrimForXoscHfCtl                              
000056c9  Power_unregisterNotify                                      
000056e9  RFQueue_nextEntry                                           
000057a9  PIN_close                                                   
000057c7  Power_getTransitionLatency                                  
000057e5  SemaphoreP_constructBinary                                  
00005805  CC1350_LAUNCHXL_initGeneral                                 
00005821  HwiP_destruct                                               
0000583d  NOROM_ChipInfo_GetChipFamily                                
00005859  NOROM_SetupGetTrimForAmpcompTh2                             
00005875  NOROM_SetupGetTrimForRcOscLfRtuneCtuneTrim                  
000058ad  QueueP_put                                                  
000058e5  RF_powerConstraintSet                                       
00005901  SwiP_disable                                                
0000591d  SwiP_or                                                     
00005939  TimerP_dynamicStub                                          
00005971  QueueP_get                                                  
0000598b  ClockP_destruct                                             
000059a3  ClockP_getTimeout                                           
000059bd  HwiP_inISR                                                  
000059d5  NOROM_AONRTCCurrentCompareValueGet                          
000059ed  NOROM_ChipInfo_GetPackageType                               
00005a05  NOROM_OSCHF_TurnOnXosc                                      
00005a1d  NOROM_RFCCpeIntGetAndClear                                  
00005a35  NOROM_SetupGetTrimForAdcShModeEn                            
00005a4d  NOROM_SetupGetTrimForAdcShVbufEn                            
00005a65  NOROM_SetupGetTrimForAmpcompTh1                             
00005a7d  NOROM_SetupGetTrimForDblrLoopFilterResetVoltage             
00005a95  NOROM_SetupGetTrimForRcOscLfIBiasTrim                       
00005aad  NOROM_SetupGetTrimForXoscLfRegulatorAndCmirrwrRatio         
00005ac5  Power_idleFunc                                              
00005af5  UART_Params_init                                            
00005b0d  _args_main                                                  
00005b25  __aeabi_lmul                                                
00005b3d  HwiP_setFunc                                                
00005b53  NOROM_ThisLibraryIsFor_CC13x0_HwRev20AndLater_HaltIfViolated
00005b7f  List_clearList                                              
00005b93  __aeabi_idiv0                                               
00005b93  __aeabi_ldiv0                                               
00005b95  NOROM_AONRTCCurrent64BitValueGet                            
00005ba9  NOROM_IntUnregister                                         
00005bbd  Power_disablePolicy                                         
00005bd1  RF_Params_init                                              
00005c21  TimerP_startup                                              
00005c49  resetISR                                                    
00005c5d  HwiP_Params_init                                            
00005c6f  RingBuf_construct                                           
00005c81  ClockP_Params_init                                          
00005c91  ClockP_getCpuFreq                                           
00005ca1  HwiP_disable                                                
00005cb1  HwiP_enableInterrupt                                        
00005cc1  HwiP_post                                                   
00005cd1  NOROM_RFCHwIntGetAndClear                                   
00005ce1  NOROM_RFCRfTrimSet                                          
00005cf1  NOROM_SetupGetTrimForXoscHfFastStart                        
00005d01  NOROM_SetupGetTrimForXoscHfIbiastherm                       
00005d11  PINCC26XX_getPinCount                                       
00005d21  PowerCC26XX_schedulerDisable                                
00005d31  Power_enablePolicy                                          
00005d61  SemaphoreP_Params_init                                      
00005d71  SwiP_Params_init                                            
00005d81  TimerP_Params_init                                          
00005db1  NOROM_VIMSModeGet                                           
00005dbf  QueueP_empty                                                
00005dcd  QueueP_remove                                               
00005ddb  __TI_decompress_none                                        
00005de9  ClockP_doTick                                               
00005df5  NOROM_CPUcpsid                                              
00005e01  NOROM_CPUcpsie                                              
00005e0d  NOROM_OSC_HPOSCRelativeFrequencyOffsetToRFCoreFormatConvert 
00005e19  PowerCC26XX_schedulerRestore                                
00005e25  Power_getConstraintMask                                     
00005e31  Power_getDependencyCount                                    
00005e3d  RFQueue_getDataEntry                                        
00005e49  RF_powerConstraintGet                                       
00005e55  SwiP_getTrigger                                             
00005e61  TimerP_getFreq                                              
00005e6d  __TI_zero_init                                              
00005e79  UART_write                                                  
00005e83  Board_init                                                  
00005e8b  Board_initHook                                              
00005e93  HwiP_restore                                                
00005e9b  UARTCC26XX_init                                             
00005ebb  ClockP_stop                                                 
00005ec1  NOROM_CPUdelay                                              
00005ec7  QueueP_init                                                 
00005ed3  UARTCC26XX_readPolling                                      
00005ed9  UARTCC26XX_writePolling                                     
00005ee3  ClockP_isActive                                             
00005ee7  ClockP_setTimeout                                           
00005eeb  HwiP_enable                                                 
00005eeb  NoRTOS_start                                                
00005eef  NOROM_RFCOverrideUpdate                                     
00005ef3  PowerCC26XX_switchXOSC_HF                                   
00005ef7  QueueP_head                                                 
00005efb  QueueP_next                                                 
00005eff  TimerP_getCount64                                           
00005f03  _system_pre_init                                            
00005f07  C$$EXIT                                                     
00005f07  abort                                                       
000069cc  resourceDB                                                  
00006a5c  BoardGpioInitTable                                          
00006a90  UARTCC26XX_fxnTable                                         
00006ab8  uartCC26XXHWAttrs                                           
00006ae0  UART_defaultParams                                          
00006b20  PowerCC26XX_config                                          
00006b64  ADCBuf_count                                                
00006b65  ADC_count                                                   
00006b66  AESCCM_count                                                
00006b67  AESGCM_count                                                
00006b68  AESCBC_count                                                
00006b69  AESCTR_count                                                
00006b6a  AESECB_count                                                
00006b6b  AESCTRDRBG_count                                            
00006b6c  TRNG_count                                                  
00006b6d  Display_count                                               
00006b6e  I2C_count                                                   
00006b6f  I2S_count                                                   
00006b70  NVS_count                                                   
00006b71  PWM_count                                                   
00006b72  SD_count                                                    
00006b73  SPI_count                                                   
00006b74  UART_count                                                  
00006b75  Watchdog_count                                              
00006b88  RFCC26XX_hwAttrs                                            
00006b94  UART_config                                                 
00006ba8  PINCC26XX_hwAttrs                                           
00006bb0  __c_args__                                                  
00006ca0  __TI_Handler_Table_Base                                     
00006cac  __TI_Handler_Table_Limit                                    
00006cc0  __TI_CINIT_Base                                             
00006cd8  __TI_CINIT_Limit                                            
0001ffa8  __ccfg                                                      
20000000  __start___llvm_prf_cnts                                     
20000000  __stop___llvm_prf_cnts                                      
200003d8  uartCC26XXObjects                                           
2000061c  uartCC26XXRingBuffer                                        
20000682  driverlib_release_0_3_05_20_00001                           
20000690  ledPinState                                                 
2000069c  txPacket                                                    
200006bc  ledPinHandle                                                
200006c0  readEntry                                                   
200006c8  pinUpperBound                                               
200006cc  pinLowerBound                                               
20000760  pinHandleTable                                              
200007dc  PowerCC26XX_module                                          
200008f4  HwiP_swiPIntNum                                             
200009c4  ClockP_tickPeriod                                           
20000a80  pOverrides                                                  
20000b04  RF_cmdPropRadioDivSetup                                     
20000b2c  RF_cmdPropRx                                                
20000b50  RF_cmdFs                                                    
20000b68  RF_cmdPropTx                                                
20000b80  RF_prop                                                     
20000b90  pinTable                                                    
20000ba4  SemaphoreP_defaultParams                                    
20000bb0  _sys_memory                                                 
20000d00  g_pfnRAMVectors                                             
20004c00  __stack                                                     
20005000  __STACK_END                                                 
ffffffff  __TI_pprof_out_hndl                                         
ffffffff  __TI_prof_data_size                                         
ffffffff  __TI_prof_data_start                                        
ffffffff  __binit__                                                   
ffffffff  binit                                                       
UNDEFED   __mpu_init                                                  
UNDEFED   _system_post_cinit                                          

[297 symbols]
